(#f . "start function must have type [] -> []\n  found: [] -> [i32]\n  at: \"start function\"")