(#f . "result arity error\n  expected: [i32]\n  found: []\n  at: (funcidx 0)")