(#f . "result type error\n  expected: i32\n  found: i64\n  at index: 0\n  in: [i64]\n  at: (global (globaltype i32 #f) (vector (instr:i64.const #<loc> 1)))")