(#f . "arity error\n  expected: [i32]\n  found: []\n  at: (instr:br 0)\n  within: (instr:block (functype '() '(i32)) (vector (instr:br 0)))\n  within: (instr:block (functype '() '()) (vector (instr:block (functype '() '(i32)) (vector (instr:br 0)))))\n  within: (instr:block (functype '() '()) (vector (instr:block (functype '() '()) (vector (instr:block (functype '() '(i32)) (vector (instr:br 0)))))))\n  within: (funcidx 0)")