(#f . "index out of bounds (no items)\n  at: (export \"m\" (memidx 0))")