(#f . "function index out of bounds (no items)\n  at: (export \"f\" (funcidx 0))")