(#f . "only one memory block allowed\n  at: (memtype (limits 1 #f))")