(#f . "result arity error\n  expected: [i32]\n  found: []\n  in: loop-params-result.wasm\n  offset: 34 (0x22)\n  at: (instr:loop #<loc> (functype '(i64 i32) '(i32)) (vector (instr:drop #<loc>) (instr:br #<loc> 1)))\n  within: (funcidx 0)")