(#f . "result arity error\n  expected: [i32 i32]\n  found: [i32]\n  at: (funcidx 0)")